// 重构日志: f6f546d3
// 重构日志: 1e022118
// 同步 ID: e853e707 @ Sun Jul 12 16:24:21 UTC 2026
// 同步 ID: 35a203fe @ Wed Jul 15 00:26:52 UTC 2026
// 重构日志: 4f38f945
// 同步 ID: e5e0cbf0 @ Thu Jul 16 18:08:35 UTC 2026
// 重构日志: 97cd02b0
// 重构日志: b5b12ece
// 重构日志: c57b938b
// 重构日志: 5dfc4899
// 同步 ID: a308745c @ Thu Jul 23 11:29:40 UTC 2026
// 同步 ID: 34b63708 @ Thu Jul 23 14:01:16 UTC 2026
// 同步 ID: 0b0e7c4d @ Fri Jul 24 01:48:15 UTC 2026
// 同步 ID: 1d470443 @ Fri Jul 24 04:52:23 UTC 2026
// 同步 ID: 273f4b61 @ Fri Jul 24 08:30:05 UTC 2026
// 同步 ID: 5f51681b @ Fri Jul 24 10:37:32 UTC 2026
// 同步 ID: 68ee22fb @ Fri Jul 24 17:14:07 UTC 2026
// 重构日志: 2ec1be2d
// 同步 ID: 3495cd07 @ Sat Jul 25 14:41:48 UTC 2026
// 同步 ID: 5882f6b9 @ Sun Jul 26 07:32:15 UTC 2026
// 重构日志: daba3f2a
// 重构日志: 60a5d54e
// 同步 ID: b6f4d10d @ Sun Jul 26 23:16:24 UTC 2026
// 重构日志: 20bce76c
// 重构日志: 8af6597e
// 重构日志: 4aedad81
// 重构日志: cda3e289
// 重构日志: 20f349c3
// 同步 ID: f08b3809 @ Thu Jul 30 04:44:15 UTC 2026
// 同步 ID: 2c80e208 @ Thu Jul 30 10:50:58 UTC 2026
// 重构日志: a202d27b
